================================================================================
LEDGER NINE - E2E PIPELINE & PROVIDER FALLBACK TEST REPORT
================================================================================
Timestamp: 2026-07-07T17:52:00Z
Environment: Local development server (Next.js 16.2.10, Turbopack)
API Keys Configured: FMP, Finnhub, Twelve Data, EODHD, NewsAPI, Tavily, Gemini, Groq

--------------------------------------------------------------------------------
1. VITEST TEST SUITE RESULTS
--------------------------------------------------------------------------------
Command: npx vitest run
Status: PASSED (100% success rate)

Test Files:
- tests/unit/symbol-candidates.test.ts (3 tests passed)
  - Verifies candidate resolution lists for US/Indian exchanges
  - Verifies exchange-specific symbol suffix mapping (.NS for NSE, .BO for BSE)
- tests/integration/diagnostics.test.ts (2 tests passed)
  - Verifies that the parallel diagnostic pipeline fetches all 7 providers successfully
  - Verifies partial failure handling, mock integration, and correct state transition

Total Tests Run: 5 Passed, 0 Failed.

--------------------------------------------------------------------------------
2. LIVE E2E BROWSER SUBAGENT VALIDATION RESULTS
--------------------------------------------------------------------------------
The browser subagent performed E2E flow validations against the live development server:

TEST CASE 1: AAPL Normal Run (Gemini Primary -> Fallback)
- Action: Selected AAPL suggestion chip, started run.
- Result: Gemini API rate limit occurred. Pipeline gracefully fell back to GROQ.
- Active Provider: groq (Structured JSON output compiled).
- Output: Verdict WATCH, Score 51/100, progress bars and metrics fully rendered.

TEST CASE 2: RELIANCE Indian Market Run
- Action: Selected RELIANCE suggestion chip, started run.
- Result: Resolved to RELIANCE.NS. Queried EODHD, Twelve Data, Alpha Vantage, NewsAPI, and Tavily.
- Active Provider: groq (Structured JSON output compiled).
- Output: Verdict WATCH, Score 53/100. Correctly processed and rendered Indian market financials.

TEST CASE 3: Gemini to Groq Fallback (Simulated)
- Action: Selected AAPL. Simulated Gemini status to "rate_limit".
- Result: Bypassed Gemini, called Groq directly.
- Active Provider: groq (Structured JSON output compiled).
- Output: Successful fallback representation on the UI.

TEST CASE 4: Deterministic Fallback (Simulated)
- Action: Simulated Gemini status to "rate_limit" and Groq status to "rate_limit".
- Result: Bypassed both Gemini and Groq, fell back to local deterministic summarizer.
- Active Provider: deterministic.
- Output: Verdict WATCH, Score 51/100. Displayed deterministic thesis text in the UI:
  "This is a deterministic, rule-based summary generated because both Gemini and Groq specialists failed..."

--------------------------------------------------------------------------------
3. VERIFICATION SUMMARY
--------------------------------------------------------------------------------
- Indian and US market support works end-to-end.
- Raw and normalized JSON datasets are fully captured and saved to the bundle.
- Gemini -> Groq -> Deterministic fallback chain functions exactly as expected under real and simulated failures.
- No hardcoded financial data remains in the runtime database or UI.
- All integration and unit tests are in a green/passing state.
- Redesigned UI places Search, Auth Health, Verdicts, Signals, and Company Capabilities at the top, putting raw developer logs collapsibly below.
================================================================================
